// Jest Snapshot v1, https://goo.gl/fbAQLP

exports[`test undolist component render snapshot 1`] = `
<div
  className="undo-list"
>
  <div
    className="undo-list-title"
  >
    正在进行
    <div
      className="undo-list-count"
      data-test="count"
    >
      2
    </div>
  </div>
  <ul
    className="undo-list-content"
  >
    <li
      className="undo-list-item"
      data-test="list-item"
      key="0"
      onClick={[Function]}
    >
      test1
      <span
        className="undo-list-delete"
        data-test="del-item"
        onClick={[Function]}
      >
        -
      </span>
    </li>
    <li
      className="undo-list-item"
      data-test="list-item"
      key="1"
      onClick={[Function]}
    >
      <input
        className="undo-list-input"
        data-test="input"
        onBlur={[Function]}
        onChange={[Function]}
        value="test2"
      />
      <span
        className="undo-list-delete"
        data-test="del-item"
        onClick={[Function]}
      >
        -
      </span>
    </li>
  </ul>
</div>
`;
